SQL> conn user0827/1234
Connected.
SQL> show user
USER is "USER0827"
SQL> --ºˆæ˜¡÷¡¶ : ø‹∑°≈∞ (foreign key)
SQL> 
SQL> --ªÛ«∞ π¸¡÷ ≈◊¿Ã∫Ì ª˝º∫
SQL> create table category(
  2  category_id number primary key
  3  , name varchar(20)
  4  );

Table created.

SQL> desc category;
 Name                                      Null?    Type
 ----------------------------------------- -------- ----------------------------
 CATEGORY_ID                               NOT NULL NUMBER
 NAME                                               VARCHAR2(20)

SQL> insert into category(category_id, name) values(1,'ªÛ¿«');

1 row created.

SQL> insert into category(category_id, name) values(2,'«œ¿«');

1 row created.

SQL> insert into category(category_id, name) values(3,'æ◊ººº≠∏Æ');

1 row created.

SQL> insert into category(category_id, name) values(4,'Ω≈πﬂ');

1 row created.

SQL> commit;

Commit complete.

SQL> select * from category
  2  ;

CATEGORY_ID NAME                                                                
----------- ----------------------------------------                            
          1 ªÛ¿«                                                                
          2 «œ¿«                                                                
          3 æ◊ººº≠∏Æ                                                            
          4 Ω≈πﬂ                                                                

SQL> --πÊ±› ∏∏µÁ ƒ´≈◊∞Ì∏Æ ≈◊¿Ã∫Ì¿ª ¬¸¡∂«œ¥¬ ¿⁄Ωƒ ≈◊¿Ã∫Ì¿ª ª˝º∫«—¥Ÿ
SQL> create table product(
  2  product_id number primary key
  3  , category_id number foreign key references category(category_id)
  4  , code varchar(20)
  5  , porduct_name varchar(20)
  6  , price number default 00)
  7  );
, category_id number foreign key references category(category_id)
                     *
ERROR at line 3:
ORA-00907: missing right parenthesis 


SQL> ed
Wrote file afiedt.buf

  1  create table product(
  2  product_id number primary key
  3  , category_id number foreign key references category(category_id)
  4  , code varchar(20)
  5  , porduct_name varchar(20)
  6  , price number default 0
  7* )
SQL> /
, category_id number foreign key references category(category_id)
                     *
ERROR at line 3:
ORA-00907: missing right parenthesis 


SQL> ed
Wrote file afiedt.buf

  1  create table product(
  2  product_id number primary key
  3  , category_id number 
  4  , foreign key (category_id) references category(category_id)
  5  , code varchar(20)
  6  , porduct_name varchar(20)
  7  , price number default 0
  8* )
SQL> /

Table created.

SQL> insert into product(product_id, category_id, code, product_name, price)
  2  values(1, 1, 'JE5505', 'Metro√ªπŸ¡ˆ', 250000);
insert into product(product_id, category_id, code, product_name, price)
                                                   *
ERROR at line 1:
ORA-00904: "PRODUCT_NAME": invalid identifier 


SQL> ed
Wrote file afiedt.buf

  1  insert into product(product_id, category_id, code, porduct_name, price)
  2* values(1, 1, 'JE5505', 'Metro√ªπŸ¡ˆ', 250000)
SQL> /

1 row created.

SQL> insert into product(product_id, category_id, code, product_name, price)
  2  values(2, 2, 'JE5506', 'Ω∫≈∞¥œ√ªπŸ¡ˆ', 270000);
insert into product(product_id, category_id, code, product_name, price)
                                                   *
ERROR at line 1:
ORA-00904: "PRODUCT_NAME": invalid identifier 


SQL> §ß§∑
SP2-0042: unknown command "§ß§∑" - rest of line ignored.
SQL> ed
Wrote file afiedt.buf

  1  insert into product(product_id, category_id, code, porduct_name, price)
  2* values(2, 2, 'JE5506', 'Ω∫≈∞¥œ√ªπŸ¡ˆ', 270000)
SQL> 
SQL> /

1 row created.

SQL> set line 200
SQL> ;
  1  insert into product(product_id, category_id, code, porduct_name, price)
  2* values(2, 2, 'JE5506', 'Ω∫≈∞¥œ√ªπŸ¡ˆ', 270000)
SQL> dafdsfdsdad'
SP2-0734: unknown command beginning "dafdsfdsda..." - rest of line ignored.
SQL> select * from product;

PRODUCT_ID CATEGORY_ID CODE                                     PORDUCT_NAME                                  PRICE                                                                                     
---------- ----------- ---------------------------------------- ---------------------------------------- ----------                                                                                     
         1           1 JE5505                                   Metro√ªπŸ¡ˆ                                  250000                                                                                     
         2           2 JE5506                                   Ω∫≈∞¥œ√ªπŸ¡ˆ                                 270000                                                                                     

SQL> --foreign key ¡¶æ‡¡∂∞«¿ª ¿⁄Ωƒ≈◊¿Ã∫Ìø° ∫Œø©«“ ∞ÊøÏ, ∫Œ∏¥¬ «‘∫Œ∑Œ µ•¿Ã≈Õ∏¶ ¡∂¿€«œ¡ˆ ∏¯«—¥Ÿ
SQL> update category set category_id=100;
update category set category_id=100
*
ERROR at line 1:
ORA-00001: unique constraint (USER0827.SYS_C007005) violated 


SQL> alter table category
  2  drop column category_id;
drop column category_id
            *
ERROR at line 2:
ORA-12992: cannot drop parent key column 


SQL> --ø‹∑°≈∞ ¡¶æ‡¡∂∞«¿ª ∞…æÓ≥ı¿∏∏È, µ•¿Ã≈Õ π´∞·º∫¿ª ¿Ø¡ˆ«œ∏Á æ»¿¸¿Âƒ°∏¶ ∏∂∑√«—¥Ÿ
SQL> --¡¶æ‡¡∂∞«¿« ¡æ∑˘
SQL> --1.unique
SQL> --2.not null
SQL> --3.primary key
SQL> --4.check
SQL> --5.default
SQL> --6.default
SQL> --6.foreign key
SQL> 
SQL> --primary key∏¶ ªÁ∂˜¿Ã ¡˜¡¢ ≥÷¿∏∏È æ»âŒ ¡ﬂ∫π ∞°¥…º∫µµ ¿÷∞Ì, ºˆƒ°∞™¿Ã ∏Ó±Ó¡ˆ ¡ı∞°«ﬂ¥¬¡ˆ
SQL> --æÀºˆ æ¯¥Ÿ, ªÁøÎ¿⁄µÈø° ¿««ÿ ¡ı∞°«ÿº≠ øπ√¯∫“∞°
SQL> --«ÿ∞·√• Ω√ƒˆΩ∫∏¶ ¿ÃøÎ«—¥Ÿ
SQL> 
SQL> create sequence seq_category
  2  increment by 1 --1æø ¡ı∞°Ω√ƒ—∂Û
  3  sratr with 1; --1∫Œ≈Õ Ω√¿€«ÿ∂Û
  4  
SQL> ;
  1  create sequence seq_category
  2  increment by 1 --1æø ¡ı∞°Ω√ƒ—∂Û
  3* sratr with 1; --1∫Œ≈Õ Ω√¿€«ÿ∂Û
SQL> /
sratr with 1; --1∫Œ≈Õ Ω√¿€«ÿ∂Û
      *
ERROR at line 3:
ORA-00933: SQL command not properly ended 


SQL> ed
Wrote file afiedt.buf

  1  create sequence seq_category
  2  increment by 1 
  3* sratr with 1 
SQL> /
sratr with 1 
*
ERROR at line 3:
ORA-00933: SQL command not properly ended 


SQL> ed
Wrote file afiedt.buf

  1  create sequence seq_category
  2  increment by 1 
  3* srart with 1 
SQL> /
srart with 1 
*
ERROR at line 3:
ORA-00933: SQL command not properly ended 


SQL> conn system/manager
ERROR:
ORA-01017: invalid username/password; logon denied 


Warning: You are no longer connected to ORACLE.
SQL> conn system/1234 sysdba
SP2-0306: Invalid option.
Usage: CONN[ECT] [{logon|/|proxy} [AS {SYSDBA|SYSOPER|SYSASM}] [edition=value]]
where <logon> ::= <username>[/<password>][@<connect_identifier>]
      <proxy> ::= <proxyuser>[<username>][/<password>][@<connect_identifier>]
SQL> conn system
ERROR:
ORA-01017: invalid username/password; logon denied 


SQL> show user
USER is ""
SQL> conn system/1234
Connected.
SQL> grant create sequence to user0827;

Grant succeeded.

SQL> 
SQL> conn user0827/1234
Connected.
SQL> show user
USER is "USER0827"
SQL> --º˝¿⁄∞™∏∏¿ª ¿¸¥„«œø© ¡ı∞°Ω√ƒ—¡÷¥¬ ∞¥√º¿Œ Ω√ƒˆΩ∫ ª˝§µæÓ
SQL> create sequence seq_category
  2  increment by 1
  3  start with 1;

Sequence created.

SQL> --Ω√ƒˆΩ∫∏¶ »£√‚«œø©, insert «ÿ∫∏±‚ Ω«Ω¿
SQL> --±‚¡∏ø° µÈæÓ∞£ catefory µ•¿Ã≈Õ¥¬ Ω√ƒˆΩ∫∏¶ ¿ÃøÎ«œ¡ˆ æ æ“±‚ ∂ßπÆø° π´∞·º∫¿Ã ±˙¡¯µ•¿Ã≈Õ¥Ÿ
SQL> --µ˚∂Ûº≠ πˆ∏Æ¿⁄
SQL> delete from category
  2  ;
delete from category
*
ERROR at line 1:
ORA-02292: integrity constraint (USER0827.SYS_C007007) violated - child record found 


SQL> --¡¶æ‡¡∂∞«¿ª ∞…æÓ≥ıæ∆º≠, ∏∂¿Ω¥Î∑Œ categoryµ•¿Ã≈Õ∏¶ ¡ˆøÔºˆ æ¯¥Ÿ
SQL> --Ω√ƒˆΩ∫ Ω«Ω¿¿ª product¿ª ¥ÎªÛ¿∏∑Œ «œ¿⁄
SQL> create sequence seq_product
  2  increment by 1
  3  start with 1
  4  ;

Sequence created.

SQL> --±‚¡∏ ≈◊Ω∫∆ÆøÎ¿∏∑Œ ≥÷æ˙¥¯ product¿« category_id ∞™¿ª ¡ˆøÏ¿⁄
SQL> delete from product;

2 rows deleted.

SQL> commit;

Commit complete.

SQL> --Ω√ƒˆΩ∫∏¶ ¿ÃøÎ«— µ•¿Ã≈Õ insert
SQL> insert into product(porduct_id,category_id,code,product_name,price)
  2  values(seq_product)/
  3  ;
values(seq_product)/
*
ERROR at line 2:
ORA-00947: not enough values 


SQL> ed
Wrote file afiedt.buf

  1  insert into product(product_id,category_id,code,product_name,price)
  2* values(seq_product. nextnal, 1, 'JE0007','Ïä§ÌÇ§ÎãàÏ≤≠Î∞îÏßÄ',30000)
SQL> /
values(seq_product. nextnal, 1, 'JE0007','Ïä§ÌÇ§ÎãàÏ≤≠Î∞îÏßÄ',30000)
                    *
ERROR at line 2:
ORA-00984: column not allowed here 


SQL> ed
Wrote file afiedt.buf

  1* insert into product(product_id,category_id,code,product_name,price)
  2  values(seq-product. nextnal, 1, 'je0007','Ω∫≈∞¥œ√ªπŸ¡ˆ',30000);
values(seq-product. nextnal, 1, 'je0007','Ω∫≈∞¥œ√ªπŸ¡ˆ',30000)
                    *
ERROR at line 2:
ORA-00984: column not allowed here 


SQL> ed
Wrote file afiedt.buf

  1* insert into product(product_id,category_id,code,product_name,price)
  2  values(seq-product. nextval, 1, 'je0007','Ω∫≈∞¥œ√ªπŸ¡ˆ',30000);
values(seq-product. nextval, 1, 'je0007','Ω∫≈∞¥œ√ªπŸ¡ˆ',30000)
           *
ERROR at line 2:
ORA-02289: sequence does not exist 


SQL> insert into product(product_id,category_id,code,product_name,price)
  2  values(seq_product.nextval,1,'JE0007','Ω∫≈∞¥œ√ªπŸ¡ˆ',30000);
insert into product(product_id,category_id,code,product_name,price)
                                                *
ERROR at line 1:
ORA-00904: "PRODUCT_NAME": invalid identifier 


SQL> select product_id, product_name from product;
select product_id, product_name from product
                   *
ERROR at line 1:
ORA-00904: "PRODUCT_NAME": invalid identifier 


SQL> select product_id, porduct_name from product;

no rows selected

SQL> insert into product(product_id,category_id,code,product_name,price)
  2  values(seq_product.nextval,1,'JE0007','Ω∫≈∞¥œ√ªπŸ¡ˆ',30000);
insert into product(product_id,category_id,code,product_name,price)
                                                *
ERROR at line 1:
ORA-00904: "PRODUCT_NAME": invalid identifier 


SQL> insert into product(product_id,category_id,code,porduct_name,price)
  2  values(seq_product.nextval,1,'JE0007','Ω∫≈∞¥œ√ªπŸ¡ˆ',30000);

1 row created.

SQL> /

1 row created.

SQL> 
SQL> /

1 row created.

SQL> /

1 row created.

SQL> /

1 row created.

SQL> /

1 row created.

SQL> /

1 row created.

SQL> /

1 row created.

SQL> /

1 row created.

SQL> /

1 row created.

SQL> select product_id, product_name from product;
select product_id, product_name from product
                   *
ERROR at line 1:
ORA-00904: "PRODUCT_NAME": invalid identifier 


SQL> /
select product_id, product_name from product
                   *
ERROR at line 1:
ORA-00904: "PRODUCT_NAME": invalid identifier 


SQL> select product_id, porduct_name from product;

PRODUCT_ID PORDUCT_NAME                                                                                                                                                                                 
---------- ----------------------------------------                                                                                                                                                     
         1 Ω∫≈∞¥œ√ªπŸ¡ˆ                                                                                                                                                                                 
         2 Ω∫≈∞¥œ√ªπŸ¡ˆ                                                                                                                                                                                 
         3 Ω∫≈∞¥œ√ªπŸ¡ˆ                                                                                                                                                                                 
         4 Ω∫≈∞¥œ√ªπŸ¡ˆ                                                                                                                                                                                 
         5 Ω∫≈∞¥œ√ªπŸ¡ˆ                                                                                                                                                                                 
         6 Ω∫≈∞¥œ√ªπŸ¡ˆ                                                                                                                                                                                 
         7 Ω∫≈∞¥œ√ªπŸ¡ˆ                                                                                                                                                                                 
         8 Ω∫≈∞¥œ√ªπŸ¡ˆ                                                                                                                                                                                 
         9 Ω∫≈∞¥œ√ªπŸ¡ˆ                                                                                                                                                                                 
        10 Ω∫≈∞¥œ√ªπŸ¡ˆ                                                                                                                                                                                 

10 rows selected.

SQL> commit;

Commit complete.

SQL> spool off
